// Jest Snapshot v1, https://goo.gl/fbAQLP

exports[`Common 1`] = `
"<div class=\\"custom-block spoiler\\"><div class=\\"custom-block-body\\"><p>Secret Block</p></div></div>
<div class=\\"custom-block spoiler\\"><div class=\\"custom-block-body\\"><p>Secret Block</p></div></div>
<div class=\\"custom-block spoiler\\"><div class=\\"custom-block-body\\"><p>another</p></div></div>
<blockquote>
<div class=\\"custom-block spoiler\\"><div class=\\"custom-block-body\\"><blockquote>
<p>Blockquote in secret block in blockquote</p>
</blockquote></div></div>
</blockquote>
<div class=\\"custom-block information ico-after\\"><div class=\\"custom-block-body\\"><p>Information Block</p></div></div>
<div class=\\"custom-block information ico-after\\"><div class=\\"custom-block-body\\"><p>another</p></div></div>
<div class=\\"custom-block question ico-after\\"><div class=\\"custom-block-body\\"><p>Question Block</p></div></div>
<div class=\\"custom-block question ico-after\\"><div class=\\"custom-block-body\\"><p>another</p></div></div>
<div class=\\"custom-block warning ico-after\\"><div class=\\"custom-block-body\\"><p>Attention Block</p></div></div>
<div class=\\"custom-block warning ico-after\\"><div class=\\"custom-block-body\\"><p>another</p></div></div>
<div class=\\"custom-block error ico-after\\"><div class=\\"custom-block-body\\"><p>Erreur Block</p></div></div>
<div class=\\"custom-block error ico-after\\"><div class=\\"custom-block-body\\"><p>another</p></div></div>
<p>[[se]]
| not a block</p>
<p>[[secretsecret]]
| not a block</p>
<p>[[SECRET]]
| not a block</p>
<div class=\\"custom-block spoiler\\"><div class=\\"custom-block-body\\"><p>Multiline block</p><blockquote>
<p>with blockquote !</p>
</blockquote></div></div>
<p>| Not a block</p>
<p>[[attention | title]]
| not parsed</p>"
`;

exports[`compile fixture to markdown 1`] = `
"[[s]]
| Secret Block

[[s]]
| Secret Block

[[secret]]
| another

> [[s]]
> | > Blockquote in secret block in blockquote

[[i]]
| Information Block

[[information]]
| another

[[q]]
| Question Block

[[question]]
| another

[[a]]
| Attention Block

[[attention]]
| another

[[e]]
| Erreur Block

[[erreur]]
| another

\\\\[[se]]
| not a block

\\\\[[secretsecret]]
| not a block

\\\\[[SECRET]]
| not a block

[[s]]
| Multiline block
| > with blockquote !

| Not a block

\\\\[[attention | title]]
| not parsed
"
`;

exports[`compile regression1 to markdown 1`] = `
"content before

[[s]]
| Block

with content after
"
`;

exports[`compile titled block to markdown 1`] = `
"[[details|my title]]
| content
"
`;

exports[`regression 1 1`] = `
"<p>content before</p>
<div class=\\"custom-block spoiler\\"><div class=\\"custom-block-body\\"><p>Block</p></div></div>
<p>with content after</p>"
`;

exports[`regression 2 1`] = `
"<p><a href=\\"\\">[information]</a>
| test</p>"
`;

exports[`title is optional 1`] = `
"<div class=\\"custom-block neutral foo\\"><div class=\\"custom-block-body\\"><p>yes</p></div></div>
<div class=\\"custom-block neutral foo\\"><div class=\\"custom-block-heading\\">my t√Øtle</div><div class=\\"custom-block-body\\"><p>yes</p></div></div>"
`;

exports[`title is required 1`] = `
"<p>[[neutre]]
| no</p>
<div class=\\"custom-block neutral foo\\"><div class=\\"custom-block-heading\\">my title</div><div class=\\"custom-block-body\\"><p>yes</p></div></div>
<div class=\\"custom-block neutral foo\\"><div class=\\"custom-block-heading\\">my <strong>title</strong></div><div class=\\"custom-block-body\\"><p>yes</p></div></div>"
`;
