\begin{Information}
info
\end{Information}
\begin{Warning}
warning
\end{Warning}
\addSecret{secret}
\begin{Question}
question \texttt{coded}
\end{Question}
