\begin{Quotation}[With Source]
a
multiline
quote
\end{Quotation}
