\chapter{first level title}
\section{second level title}
\subsection{third level title}
\subsubsection{fourth level title}
\paragraph{fifth level title}
\subparagaph{sixth level title}
\chapter{a \textbackslash{} b}
\chapter{a \} b}
\chapter{a \} \textbackslash{} b}
\chapter{a \} b}
