\LevelTwoTitle{first level title}
\LevelThreeTitle{second level title}
\LevelFourTitle{third level title}
\LevelFiveTitle{fourth level title}
\LevelSixTitle{fifth level title}
\LevelSevenTitle{sixth level title}
\LevelTwoTitle{a \textbackslash{} b}
\LevelTwoTitle{a \} b}
\LevelTwoTitle{a \} \textbackslash{} b}
\LevelTwoTitle{a \} b}
