\externalLink{an external link}{https://wikipedia.com}

\externalLink{an internal link}{http://zestedesavoir.com/forums}

\externalLink{an \texttt{external} link}{https://wikipedia.com}
