\externalLink{an external link}{https://wikipedia.com}

\externalLink{an internal link}{/forums}

\externalLink{an \texttt{external} link}{https://wikipedia.com}
