\begin{itemize}
\item an
\item \textbf{unordered}
\item list
\end{itemize}
\begin{enumerate}
\item an
\item \texttt{ordered}
\item list
\end{enumerate}
