\chapter{right-aligned list}

\begin{flushright}
\begin{itemize}
\item item
\item item
\end{itemize}

\end{flushright}
\chapter{centered list}

\begin{center}
\begin{itemize}
\item item
\item item
\item item
\end{itemize}

\end{center}
