<h1>wraps blocks e.g. title:</h1>
<div class="align-right"><p> foo</p><h1>title</h1><p>foo </p></div>
