<p>content before</p>
<div class="spoiler"><p>Block</p></div>
<p>with content after</p>
