<p>a<sup id="fnref-1"><a href="#fn-1" class="footnote-ref">1</a></sup></p>
<p>a<sup id="fnref-1"><a href="#fn-1" class="footnote-ref">1</a></sup><sup id="fnref-1"><a href="#fn-1" class="footnote-ref">1</a></sup></p>
<p>a<sup id="fnref-1"><a href="#fn-1" class="footnote-ref">1</a></sup><sup id="fnref-1"><a href="#fn-1" class="footnote-ref">1</a></sup><sup id="fnref-1"><a href="#fn-1" class="footnote-ref">1</a></sup></p>
<p>a<sup id="fnref-1"><a href="#fn-1" class="footnote-ref">1</a></sup><sup id="fnref-1"><a href="#fn-1" class="footnote-ref">1</a></sup><sup id="fnref-1"><a href="#fn-1" class="footnote-ref">1</a></sup><sup id="fnref-1"><a href="#fn-1" class="footnote-ref">1</a></sup></p>
<p>a<sup id="fnref-1"><a href="#fn-1" class="footnote-ref">1</a></sup><sup id="fnref-1"><a href="#fn-1" class="footnote-ref">1</a></sup><sup id="fnref-1"><a href="#fn-1" class="footnote-ref">1</a></sup><sup id="fnref-1"><a href="#fn-1" class="footnote-ref">1</a></sup><sup id="fnref-1"><a href="#fn-1" class="footnote-ref">1</a></sup></p>
<p>a<sup id="fnref-1"><a href="#fn-1" class="footnote-ref">1</a></sup><sup id="fnref-1"><a href="#fn-1" class="footnote-ref">1</a></sup><sup id="fnref-1"><a href="#fn-1" class="footnote-ref">1</a></sup><sup id="fnref-1"><a href="#fn-1" class="footnote-ref">1</a></sup><sup id="fnref-1"><a href="#fn-1" class="footnote-ref">1</a></sup><sup id="fnref-1"><a href="#fn-1" class="footnote-ref">1</a></sup></p>
<div class="footnotes">
<hr>
<ol>
<li id="fn-1">
<p>MyNote</p>
<a href="#fnref-1" class="footnote-backref">â†©</a>
</li>
</ol>
</div>
