<p>This is an abbreviation: <abbr title="Reference">REF</abbr>.
ref and REFERENCE should be ignored.</p>
<p>Here is another one in a link: <a href="http://example.com"><abbr title="Reference">FOO</abbr></a>.</p>
<p>Here is the first one in a link: <a href="http://example.com"><abbr title="Reference">REF</abbr></a>.</p>
